Finished compiling. File tests/test_9/test9.hex has been created.
