emulator.py: File tests/test_18/test18.bin does not exist.
