Finished compiling. File tests/test_14/caller.bin has been created.
