Finished compiling. File tests/test_2/test2.bin has been created.
