Finished compiling. File tests/test_1/test1.bin has been created.
