assembler.py: File tests/test6/test6.bin cannot be written to.
