assembler.py: File tests/test5/test5.asm cannot be read.
