Finished compiling. File tests/test_15/test15.bin has been created.
