Finished compiling. File tests/test_12/test12.bin has been created.
