assembler.py: File tests/test_6/test6.bin cannot be written to.
