assembler.py: File tests/test_5/test5.asm cannot be read.
