Finished compiling. File tests/test_11/test11.bin has been created.
