Finished compiling. File tests/test_17/test17.bin has been created.
