Finished compiling. File tests/test2/test2.bin has been created.
Binary files tests/test2/test2.bin and tests/test2/test2Exp.bin differ
