emulator.py: File tests/test_19/test19.bin cannot be read.
